Archive member included because of file (symbol)

c:/program files (x86)/atmel/avr tools/avr toolchain/bin/../lib/gcc/avr/4.7.2/avr5\libgcc.a(_exit.o)
                              c:/program files (x86)/atmel/avr tools/avr toolchain/bin/../lib/gcc/avr/4.7.2/../../../../avr/lib/avr5/crtm32u4.o (exit)
c:/program files (x86)/atmel/avr tools/avr toolchain/bin/../lib/gcc/avr/4.7.2/avr5\libgcc.a(_copy_data.o)
                              Caterina.o (__do_copy_data)
c:/program files (x86)/atmel/avr tools/avr toolchain/bin/../lib/gcc/avr/4.7.2/avr5\libgcc.a(_clear_bss.o)
                              Caterina.o (__do_clear_bss)
c:/program files (x86)/atmel/avr tools/avr toolchain/bin/../lib/gcc/avr/4.7.2/../../../../avr/lib/avr5\libc.a(eerd_byte_atmega32u4.o)
                              Caterina.o (__eerd_byte_m32u4)
c:/program files (x86)/atmel/avr tools/avr toolchain/bin/../lib/gcc/avr/4.7.2/../../../../avr/lib/avr5\libc.a(eeupd_byte_atmega32u4.o)
                              ../LUFA-111009/LUFA/Drivers/USB/Core/AVR8/EndpointStream_AVR8.o (__eeupd_byte_m32u4)
c:/program files (x86)/atmel/avr tools/avr toolchain/bin/../lib/gcc/avr/4.7.2/../../../../avr/lib/avr5\libc.a(eewr_byte_atmega32u4.o)
                              Caterina.o (__eewr_byte_m32u4)

Allocating common symbols
Common symbol       size              file

LLEDPulse           0x2               Caterina.o
USB_IsInitialized   0x1               ../LUFA-111009/LUFA/Drivers/USB/Core/USBTask.o
USB_Device_ConfigurationNumber
                    0x1               ../LUFA-111009/LUFA/Drivers/USB/Core/DeviceStandardReq.o
USB_ControlRequest  0x8               ../LUFA-111009/LUFA/Drivers/USB/Core/USBTask.o

Discarded input sections

 .bss           0x00000000        0x0 c:/program files (x86)/atmel/avr tools/avr toolchain/bin/../lib/gcc/avr/4.7.2/../../../../avr/lib/avr5/crtm32u4.o
 .text          0x00000000        0x0 Caterina.o
 .rodata        0x00000000        0x2 Caterina.o
 .text          0x00000000        0x0 Descriptors.o
 .bss           0x00000000        0x0 Descriptors.o
 .text          0x00000000        0x0 ../LUFA-111009/LUFA/Drivers/USB/Core/AVR8/Device_AVR8.o
 .bss           0x00000000        0x0 ../LUFA-111009/LUFA/Drivers/USB/Core/AVR8/Device_AVR8.o
 .text.USB_Device_SendRemoteWakeup
                0x00000000       0x2c ../LUFA-111009/LUFA/Drivers/USB/Core/AVR8/Device_AVR8.o
 .text          0x00000000        0x0 ../LUFA-111009/LUFA/Drivers/USB/Core/AVR8/Endpoint_AVR8.o
 .bss           0x00000000        0x0 ../LUFA-111009/LUFA/Drivers/USB/Core/AVR8/Endpoint_AVR8.o
 .text.Endpoint_ClearEndpoints
                0x00000000       0x28 ../LUFA-111009/LUFA/Drivers/USB/Core/AVR8/Endpoint_AVR8.o
 .text.Endpoint_WaitUntilReady
                0x00000000       0x62 ../LUFA-111009/LUFA/Drivers/USB/Core/AVR8/Endpoint_AVR8.o
 .text          0x00000000        0x0 ../LUFA-111009/LUFA/Drivers/USB/Core/AVR8/Host_AVR8.o
 .bss           0x00000000        0x0 ../LUFA-111009/LUFA/Drivers/USB/Core/AVR8/Host_AVR8.o
 .text          0x00000000        0x0 ../LUFA-111009/LUFA/Drivers/USB/Core/AVR8/Pipe_AVR8.o
 .bss           0x00000000        0x0 ../LUFA-111009/LUFA/Drivers/USB/Core/AVR8/Pipe_AVR8.o
 .text          0x00000000        0x0 ../LUFA-111009/LUFA/Drivers/USB/Core/AVR8/USBController_AVR8.o
 .bss           0x00000000        0x0 ../LUFA-111009/LUFA/Drivers/USB/Core/AVR8/USBController_AVR8.o
 .text.USB_Disable
                0x00000000       0x34 ../LUFA-111009/LUFA/Drivers/USB/Core/AVR8/USBController_AVR8.o
 .text          0x00000000        0x0 ../LUFA-111009/LUFA/Drivers/USB/Core/AVR8/USBInterrupt_AVR8.o
 .bss           0x00000000        0x0 ../LUFA-111009/LUFA/Drivers/USB/Core/AVR8/USBInterrupt_AVR8.o
 .text          0x00000000        0x0 ../LUFA-111009/LUFA/Drivers/USB/Core/AVR8/EndpointStream_AVR8.o
 .bss           0x00000000        0x0 ../LUFA-111009/LUFA/Drivers/USB/Core/AVR8/EndpointStream_AVR8.o
 .text.Endpoint_Discard_Stream
                0x00000000       0x8a ../LUFA-111009/LUFA/Drivers/USB/Core/AVR8/EndpointStream_AVR8.o
 .text.Endpoint_Null_Stream
                0x00000000       0x8a ../LUFA-111009/LUFA/Drivers/USB/Core/AVR8/EndpointStream_AVR8.o
 .text.Endpoint_Write_Stream_LE
                0x00000000       0xa2 ../LUFA-111009/LUFA/Drivers/USB/Core/AVR8/EndpointStream_AVR8.o
 .text.Endpoint_Write_Stream_BE
                0x00000000       0xb0 ../LUFA-111009/LUFA/Drivers/USB/Core/AVR8/EndpointStream_AVR8.o
 .text.Endpoint_Read_Stream_LE
                0x00000000       0xa2 ../LUFA-111009/LUFA/Drivers/USB/Core/AVR8/EndpointStream_AVR8.o
 .text.Endpoint_Read_Stream_BE
                0x00000000       0xb0 ../LUFA-111009/LUFA/Drivers/USB/Core/AVR8/EndpointStream_AVR8.o
 .text.Endpoint_Write_PStream_LE
                0x00000000       0xa6 ../LUFA-111009/LUFA/Drivers/USB/Core/AVR8/EndpointStream_AVR8.o
 .text.Endpoint_Write_PStream_BE
                0x00000000       0xb2 ../LUFA-111009/LUFA/Drivers/USB/Core/AVR8/EndpointStream_AVR8.o
 .text.Endpoint_Write_EStream_LE
                0x00000000       0xa8 ../LUFA-111009/LUFA/Drivers/USB/Core/AVR8/EndpointStream_AVR8.o
 .text.Endpoint_Write_EStream_BE
                0x00000000       0xb4 ../LUFA-111009/LUFA/Drivers/USB/Core/AVR8/EndpointStream_AVR8.o
 .text.Endpoint_Read_EStream_LE
                0x00000000       0xac ../LUFA-111009/LUFA/Drivers/USB/Core/AVR8/EndpointStream_AVR8.o
 .text.Endpoint_Read_EStream_BE
                0x00000000       0xb4 ../LUFA-111009/LUFA/Drivers/USB/Core/AVR8/EndpointStream_AVR8.o
 .text.Endpoint_Write_Control_Stream_BE
                0x00000000       0xc2 ../LUFA-111009/LUFA/Drivers/USB/Core/AVR8/EndpointStream_AVR8.o
 .text.Endpoint_Read_Control_Stream_BE
                0x00000000       0x82 ../LUFA-111009/LUFA/Drivers/USB/Core/AVR8/EndpointStream_AVR8.o
 .text.Endpoint_Write_Control_PStream_LE
                0x00000000       0xbc ../LUFA-111009/LUFA/Drivers/USB/Core/AVR8/EndpointStream_AVR8.o
 .text.Endpoint_Write_Control_PStream_BE
                0x00000000       0xc2 ../LUFA-111009/LUFA/Drivers/USB/Core/AVR8/EndpointStream_AVR8.o
 .text.Endpoint_Write_Control_EStream_LE
                0x00000000       0xee ../LUFA-111009/LUFA/Drivers/USB/Core/AVR8/EndpointStream_AVR8.o
 .text.Endpoint_Write_Control_EStream_BE
                0x00000000       0xfe ../LUFA-111009/LUFA/Drivers/USB/Core/AVR8/EndpointStream_AVR8.o
 .text.Endpoint_Read_Control_EStream_LE
                0x00000000       0xa0 ../LUFA-111009/LUFA/Drivers/USB/Core/AVR8/EndpointStream_AVR8.o
 .text.Endpoint_Read_Control_EStream_BE
                0x00000000       0x9e ../LUFA-111009/LUFA/Drivers/USB/Core/AVR8/EndpointStream_AVR8.o
 .text          0x00000000        0x0 ../LUFA-111009/LUFA/Drivers/USB/Core/AVR8/PipeStream_AVR8.o
 .bss           0x00000000        0x0 ../LUFA-111009/LUFA/Drivers/USB/Core/AVR8/PipeStream_AVR8.o
 .text          0x00000000        0x0 ../LUFA-111009/LUFA/Drivers/USB/Core/ConfigDescriptor.o
 .bss           0x00000000        0x0 ../LUFA-111009/LUFA/Drivers/USB/Core/ConfigDescriptor.o
 .text.USB_GetNextDescriptor
                0x00000000       0x38 ../LUFA-111009/LUFA/Drivers/USB/Core/ConfigDescriptor.o
 .text.USB_GetNextDescriptorOfType
                0x00000000       0x4a ../LUFA-111009/LUFA/Drivers/USB/Core/ConfigDescriptor.o
 .text.USB_GetNextDescriptorOfTypeBefore
                0x00000000       0x5c ../LUFA-111009/LUFA/Drivers/USB/Core/ConfigDescriptor.o
 .text.USB_GetNextDescriptorOfTypeAfter
                0x00000000       0x3e ../LUFA-111009/LUFA/Drivers/USB/Core/ConfigDescriptor.o
 .text.USB_GetNextDescriptorComp
                0x00000000       0x68 ../LUFA-111009/LUFA/Drivers/USB/Core/ConfigDescriptor.o
 .text          0x00000000        0x0 ../LUFA-111009/LUFA/Drivers/USB/Core/DeviceStandardReq.o
 .bss           0x00000000        0x0 ../LUFA-111009/LUFA/Drivers/USB/Core/DeviceStandardReq.o
 .text          0x00000000        0x0 ../LUFA-111009/LUFA/Drivers/USB/Core/Events.o
 .bss           0x00000000        0x0 ../LUFA-111009/LUFA/Drivers/USB/Core/Events.o
 .text          0x00000000        0x0 ../LUFA-111009/LUFA/Drivers/USB/Core/HostStandardReq.o
 .bss           0x00000000        0x0 ../LUFA-111009/LUFA/Drivers/USB/Core/HostStandardReq.o
 .text          0x00000000        0x0 ../LUFA-111009/LUFA/Drivers/USB/Core/USBTask.o
 .bss           0x00000000        0x0 ../LUFA-111009/LUFA/Drivers/USB/Core/USBTask.o
 .text          0x00000000        0x0 ../LUFA-111009/LUFA/Drivers/USB/Class/Common/HIDParser.o
 .bss           0x00000000        0x0 ../LUFA-111009/LUFA/Drivers/USB/Class/Common/HIDParser.o
 .text.USB_ProcessHIDReport
                0x00000000      0x69a ../LUFA-111009/LUFA/Drivers/USB/Class/Common/HIDParser.o
 .text.USB_GetHIDReportItemInfo
                0x00000000       0xbc ../LUFA-111009/LUFA/Drivers/USB/Class/Common/HIDParser.o
 .text.USB_SetHIDReportItemInfo
                0x00000000       0xec ../LUFA-111009/LUFA/Drivers/USB/Class/Common/HIDParser.o
 .text.USB_GetHIDReportSize
                0x00000000       0x60 ../LUFA-111009/LUFA/Drivers/USB/Class/Common/HIDParser.o
 .text          0x00000000        0x0 c:/program files (x86)/atmel/avr tools/avr toolchain/bin/../lib/gcc/avr/4.7.2/avr5\libgcc.a(_exit.o)
 .bss           0x00000000        0x0 c:/program files (x86)/atmel/avr tools/avr toolchain/bin/../lib/gcc/avr/4.7.2/avr5\libgcc.a(_exit.o)
 .text.libgcc.mul
                0x00000000        0x0 c:/program files (x86)/atmel/avr tools/avr toolchain/bin/../lib/gcc/avr/4.7.2/avr5\libgcc.a(_exit.o)
 .text.libgcc.div
                0x00000000        0x0 c:/program files (x86)/atmel/avr tools/avr toolchain/bin/../lib/gcc/avr/4.7.2/avr5\libgcc.a(_exit.o)
 .text.libgcc   0x00000000        0x0 c:/program files (x86)/atmel/avr tools/avr toolchain/bin/../lib/gcc/avr/4.7.2/avr5\libgcc.a(_exit.o)
 .text.libgcc.prologue
                0x00000000        0x0 c:/program files (x86)/atmel/avr tools/avr toolchain/bin/../lib/gcc/avr/4.7.2/avr5\libgcc.a(_exit.o)
 .text.libgcc.builtins
                0x00000000        0x0 c:/program files (x86)/atmel/avr tools/avr toolchain/bin/../lib/gcc/avr/4.7.2/avr5\libgcc.a(_exit.o)
 .text.libgcc.fmul
                0x00000000        0x0 c:/program files (x86)/atmel/avr tools/avr toolchain/bin/../lib/gcc/avr/4.7.2/avr5\libgcc.a(_exit.o)
 .text          0x00000000        0x0 c:/program files (x86)/atmel/avr tools/avr toolchain/bin/../lib/gcc/avr/4.7.2/avr5\libgcc.a(_copy_data.o)
 .bss           0x00000000        0x0 c:/program files (x86)/atmel/avr tools/avr toolchain/bin/../lib/gcc/avr/4.7.2/avr5\libgcc.a(_copy_data.o)
 .text.libgcc.mul
                0x00000000        0x0 c:/program files (x86)/atmel/avr tools/avr toolchain/bin/../lib/gcc/avr/4.7.2/avr5\libgcc.a(_copy_data.o)
 .text.libgcc.div
                0x00000000        0x0 c:/program files (x86)/atmel/avr tools/avr toolchain/bin/../lib/gcc/avr/4.7.2/avr5\libgcc.a(_copy_data.o)
 .text.libgcc   0x00000000        0x0 c:/program files (x86)/atmel/avr tools/avr toolchain/bin/../lib/gcc/avr/4.7.2/avr5\libgcc.a(_copy_data.o)
 .text.libgcc.prologue
                0x00000000        0x0 c:/program files (x86)/atmel/avr tools/avr toolchain/bin/../lib/gcc/avr/4.7.2/avr5\libgcc.a(_copy_data.o)
 .text.libgcc.builtins
                0x00000000        0x0 c:/program files (x86)/atmel/avr tools/avr toolchain/bin/../lib/gcc/avr/4.7.2/avr5\libgcc.a(_copy_data.o)
 .text.libgcc.fmul
                0x00000000        0x0 c:/program files (x86)/atmel/avr tools/avr toolchain/bin/../lib/gcc/avr/4.7.2/avr5\libgcc.a(_copy_data.o)
 .text          0x00000000        0x0 c:/program files (x86)/atmel/avr tools/avr toolchain/bin/../lib/gcc/avr/4.7.2/avr5\libgcc.a(_clear_bss.o)
 .bss           0x00000000        0x0 c:/program files (x86)/atmel/avr tools/avr toolchain/bin/../lib/gcc/avr/4.7.2/avr5\libgcc.a(_clear_bss.o)
 .text.libgcc.mul
                0x00000000        0x0 c:/program files (x86)/atmel/avr tools/avr toolchain/bin/../lib/gcc/avr/4.7.2/avr5\libgcc.a(_clear_bss.o)
 .text.libgcc.div
                0x00000000        0x0 c:/program files (x86)/atmel/avr tools/avr toolchain/bin/../lib/gcc/avr/4.7.2/avr5\libgcc.a(_clear_bss.o)
 .text.libgcc   0x00000000        0x0 c:/program files (x86)/atmel/avr tools/avr toolchain/bin/../lib/gcc/avr/4.7.2/avr5\libgcc.a(_clear_bss.o)
 .text.libgcc.prologue
                0x00000000        0x0 c:/program files (x86)/atmel/avr tools/avr toolchain/bin/../lib/gcc/avr/4.7.2/avr5\libgcc.a(_clear_bss.o)
 .text.libgcc.builtins
                0x00000000        0x0 c:/program files (x86)/atmel/avr tools/avr toolchain/bin/../lib/gcc/avr/4.7.2/avr5\libgcc.a(_clear_bss.o)
 .text.libgcc.fmul
                0x00000000        0x0 c:/program files (x86)/atmel/avr tools/avr toolchain/bin/../lib/gcc/avr/4.7.2/avr5\libgcc.a(_clear_bss.o)
 .text          0x00000000        0x0 c:/program files (x86)/atmel/avr tools/avr toolchain/bin/../lib/gcc/avr/4.7.2/../../../../avr/lib/avr5\libc.a(eerd_byte_atmega32u4.o)
 .bss           0x00000000        0x0 c:/program files (x86)/atmel/avr tools/avr toolchain/bin/../lib/gcc/avr/4.7.2/../../../../avr/lib/avr5\libc.a(eerd_byte_atmega32u4.o)
 .text          0x00000000        0x0 c:/program files (x86)/atmel/avr tools/avr toolchain/bin/../lib/gcc/avr/4.7.2/../../../../avr/lib/avr5\libc.a(eeupd_byte_atmega32u4.o)
 .bss           0x00000000        0x0 c:/program files (x86)/atmel/avr tools/avr toolchain/bin/../lib/gcc/avr/4.7.2/../../../../avr/lib/avr5\libc.a(eeupd_byte_atmega32u4.o)
 .text.avr-libc
                0x00000000       0x24 c:/program files (x86)/atmel/avr tools/avr toolchain/bin/../lib/gcc/avr/4.7.2/../../../../avr/lib/avr5\libc.a(eeupd_byte_atmega32u4.o)
 .text          0x00000000        0x0 c:/program files (x86)/atmel/avr tools/avr toolchain/bin/../lib/gcc/avr/4.7.2/../../../../avr/lib/avr5\libc.a(eewr_byte_atmega32u4.o)
 .bss           0x00000000        0x0 c:/program files (x86)/atmel/avr tools/avr toolchain/bin/../lib/gcc/avr/4.7.2/../../../../avr/lib/avr5\libc.a(eewr_byte_atmega32u4.o)

Memory Configuration

Name             Origin             Length             Attributes
text             0x00000000         0x00020000         xr
data             0x00800060         0x0000ffa0         rw !x
eeprom           0x00810000         0x00010000         rw !x
fuse             0x00820000         0x00000400         rw !x
lock             0x00830000         0x00000400         rw !x
signature        0x00840000         0x00000400         rw !x
user_signatures  0x00850000         0x00000400         rw !x
*default*        0x00000000         0xffffffff

Linker script and memory map

Address of section .data set to 0x800100
LOAD c:/program files (x86)/atmel/avr tools/avr toolchain/bin/../lib/gcc/avr/4.7.2/../../../../avr/lib/avr5/crtm32u4.o
LOAD Caterina.o
LOAD Descriptors.o
LOAD ../LUFA-111009/LUFA/Drivers/USB/Core/AVR8/Device_AVR8.o
LOAD ../LUFA-111009/LUFA/Drivers/USB/Core/AVR8/Endpoint_AVR8.o
LOAD ../LUFA-111009/LUFA/Drivers/USB/Core/AVR8/Host_AVR8.o
LOAD ../LUFA-111009/LUFA/Drivers/USB/Core/AVR8/Pipe_AVR8.o
LOAD ../LUFA-111009/LUFA/Drivers/USB/Core/AVR8/USBController_AVR8.o
LOAD ../LUFA-111009/LUFA/Drivers/USB/Core/AVR8/USBInterrupt_AVR8.o
LOAD ../LUFA-111009/LUFA/Drivers/USB/Core/AVR8/EndpointStream_AVR8.o
LOAD ../LUFA-111009/LUFA/Drivers/USB/Core/AVR8/PipeStream_AVR8.o
LOAD ../LUFA-111009/LUFA/Drivers/USB/Core/ConfigDescriptor.o
LOAD ../LUFA-111009/LUFA/Drivers/USB/Core/DeviceStandardReq.o
LOAD ../LUFA-111009/LUFA/Drivers/USB/Core/Events.o
LOAD ../LUFA-111009/LUFA/Drivers/USB/Core/HostStandardReq.o
LOAD ../LUFA-111009/LUFA/Drivers/USB/Core/USBTask.o
LOAD ../LUFA-111009/LUFA/Drivers/USB/Class/Common/HIDParser.o
Address of section .text set to 0x7000
LOAD c:/program files (x86)/atmel/avr tools/avr toolchain/bin/../lib/gcc/avr/4.7.2/../../../../avr/lib/avr5\libm.a
LOAD c:/program files (x86)/atmel/avr tools/avr toolchain/bin/../lib/gcc/avr/4.7.2/avr5\libgcc.a
LOAD c:/program files (x86)/atmel/avr tools/avr toolchain/bin/../lib/gcc/avr/4.7.2/../../../../avr/lib/avr5\libc.a
LOAD c:/program files (x86)/atmel/avr tools/avr toolchain/bin/../lib/gcc/avr/4.7.2/avr5\libgcc.a

.hash
 *(.hash)

.dynsym
 *(.dynsym)

.dynstr
 *(.dynstr)

.gnu.version
 *(.gnu.version)

.gnu.version_d
 *(.gnu.version_d)

.gnu.version_r
 *(.gnu.version_r)

.rel.init
 *(.rel.init)

.rela.init
 *(.rela.init)

.rel.text
 *(.rel.text)
 *(.rel.text.*)
 *(.rel.gnu.linkonce.t*)

.rela.text
 *(.rela.text)
 *(.rela.text.*)
 *(.rela.gnu.linkonce.t*)

.rel.fini
 *(.rel.fini)

.rela.fini
 *(.rela.fini)

.rel.rodata
 *(.rel.rodata)
 *(.rel.rodata.*)
 *(.rel.gnu.linkonce.r*)

.rela.rodata
 *(.rela.rodata)
 *(.rela.rodata.*)
 *(.rela.gnu.linkonce.r*)

.rel.data
 *(.rel.data)
 *(.rel.data.*)
 *(.rel.gnu.linkonce.d*)

.rela.data
 *(.rela.data)
 *(.rela.data.*)
 *(.rela.gnu.linkonce.d*)

.rel.ctors
 *(.rel.ctors)

.rela.ctors
 *(.rela.ctors)

.rel.dtors
 *(.rel.dtors)

.rela.dtors
 *(.rela.dtors)

.rel.got
 *(.rel.got)

.rela.got
 *(.rela.got)

.rel.bss
 *(.rel.bss)

.rela.bss
 *(.rela.bss)

.rel.plt
 *(.rel.plt)

.rela.plt
 *(.rela.plt)

.text           0x00007000      0xede
 *(.vectors)
 .vectors       0x00007000       0xac c:/program files (x86)/atmel/avr tools/avr toolchain/bin/../lib/gcc/avr/4.7.2/../../../../avr/lib/avr5/crtm32u4.o
                0x00007000                __vector_default
                0x00007000                __vectors
 *(.vectors)
 *(.progmem.gcc*)
 *(.progmem*)
                0x000070ac                . = ALIGN (0x2)
                0x000070ac                __trampolines_start = .
 *(.trampolines)
 .trampolines   0x000070ac        0x0 linker stubs
 *(.trampolines*)
                0x000070ac                __trampolines_end = .
 *(.jumptables)
 *(.jumptables*)
 *(.lowtext)
 *(.lowtext*)
                0x000070ac                __ctors_start = .
 *(.ctors)
                0x000070ac                __ctors_end = .
                0x000070ac                __dtors_start = .
 *(.dtors)
                0x000070ac                __dtors_end = .
 SORT(*)(.ctors)
 SORT(*)(.dtors)
 *(.init0)
 .init0         0x000070ac        0x0 c:/program files (x86)/atmel/avr tools/avr toolchain/bin/../lib/gcc/avr/4.7.2/../../../../avr/lib/avr5/crtm32u4.o
                0x000070ac                __init
 *(.init0)
 *(.init1)
 *(.init1)
 *(.init2)
 .init2         0x000070ac        0xc c:/program files (x86)/atmel/avr tools/avr toolchain/bin/../lib/gcc/avr/4.7.2/../../../../avr/lib/avr5/crtm32u4.o
 *(.init2)
 *(.init3)
 *(.init3)
 *(.init4)
 .init4         0x000070b8       0x16 c:/program files (x86)/atmel/avr tools/avr toolchain/bin/../lib/gcc/avr/4.7.2/avr5\libgcc.a(_copy_data.o)
                0x000070b8                __do_copy_data
 .init4         0x000070ce       0x10 c:/program files (x86)/atmel/avr tools/avr toolchain/bin/../lib/gcc/avr/4.7.2/avr5\libgcc.a(_clear_bss.o)
                0x000070ce                __do_clear_bss
 *(.init4)
 *(.init5)
 *(.init5)
 *(.init6)
 *(.init6)
 *(.init7)
 *(.init7)
 *(.init8)
 *(.init8)
 *(.init9)
 .init9         0x000070de        0x4 c:/program files (x86)/atmel/avr tools/avr toolchain/bin/../lib/gcc/avr/4.7.2/../../../../avr/lib/avr5/crtm32u4.o
 *(.init9)
 *(.text)
 .text          0x000070e2        0x2 c:/program files (x86)/atmel/avr tools/avr toolchain/bin/../lib/gcc/avr/4.7.2/../../../../avr/lib/avr5/crtm32u4.o
                0x000070e2                __vector_38
                0x000070e2                __vector_22
                0x000070e2                __vector_28
                0x000070e2                __vector_1
                0x000070e2                __vector_32
                0x000070e2                __vector_34
                0x000070e2                __vector_24
                0x000070e2                __vector_12
                0x000070e2                __bad_interrupt
                0x000070e2                __vector_6
                0x000070e2                __vector_31
                0x000070e2                __vector_35
                0x000070e2                __vector_39
                0x000070e2                __vector_3
                0x000070e2                __vector_23
                0x000070e2                __vector_30
                0x000070e2                __vector_25
                0x000070e2                __vector_11
                0x000070e2                __vector_13
                0x000070e2                __vector_19
                0x000070e2                __vector_7
                0x000070e2                __vector_41
                0x000070e2                __vector_27
                0x000070e2                __vector_5
                0x000070e2                __vector_33
                0x000070e2                __vector_37
                0x000070e2                __vector_4
                0x000070e2                __vector_9
                0x000070e2                __vector_2
                0x000070e2                __vector_21
                0x000070e2                __vector_15
                0x000070e2                __vector_36
                0x000070e2                __vector_29
                0x000070e2                __vector_40
                0x000070e2                __vector_8
                0x000070e2                __vector_26
                0x000070e2                __vector_14
                0x000070e2                __vector_16
                0x000070e2                __vector_18
                0x000070e2                __vector_20
                0x000070e2                __vector_42
                0x000070e4                . = ALIGN (0x2)
 *(.text.*)
 .text.FetchNextCommandByte
                0x000070e4       0x34 Caterina.o
 .text.WriteNextResponseByte
                0x00007118       0x40 Caterina.o
 .text.StartSketch
                0x00007158       0x24 Caterina.o
                0x00007158                StartSketch
 .text.LEDPulse
                0x0000717c       0x2c Caterina.o
                0x0000717c                LEDPulse
 .text.SetupHardware
                0x000071a8       0x5a Caterina.o
                0x000071a8                SetupHardware
 .text.__vector_17
                0x00007202       0x86 Caterina.o
                0x00007202                __vector_17
 .text.EVENT_USB_Device_ConfigurationChanged
                0x00007288       0x18 Caterina.o
                0x00007288                EVENT_USB_Device_ConfigurationChanged
 .text.EVENT_USB_Device_ControlRequest
                0x000072a0       0x5c Caterina.o
                0x000072a0                EVENT_USB_Device_ControlRequest
 .text.CDC_Task
                0x000072fc      0x4aa Caterina.o
                0x000072fc                CDC_Task
 .text.startup.main
                0x000077a6       0x9c Caterina.o
                0x000077a6                main
 .text.CALLBACK_USB_GetDescriptor
                0x00007842       0x6a Descriptors.o
                0x00007842                CALLBACK_USB_GetDescriptor
 .text.Endpoint_ConfigureEndpoint_Prv
                0x000078ac       0x26 ../LUFA-111009/LUFA/Drivers/USB/Core/AVR8/Endpoint_AVR8.o
                0x000078ac                Endpoint_ConfigureEndpoint_Prv
 .text.Endpoint_ClearStatusStage
                0x000078d2       0x3e ../LUFA-111009/LUFA/Drivers/USB/Core/AVR8/Endpoint_AVR8.o
                0x000078d2                Endpoint_ClearStatusStage
 .text.USB_ResetInterface
                0x00007910       0x76 ../LUFA-111009/LUFA/Drivers/USB/Core/AVR8/USBController_AVR8.o
                0x00007910                USB_ResetInterface
 .text.USB_Init
                0x00007986       0x16 ../LUFA-111009/LUFA/Drivers/USB/Core/AVR8/USBController_AVR8.o
                0x00007986                USB_Init
 .text.USB_INT_DisableAllInterrupts
                0x0000799c       0x10 ../LUFA-111009/LUFA/Drivers/USB/Core/AVR8/USBInterrupt_AVR8.o
                0x0000799c                USB_INT_DisableAllInterrupts
 .text.USB_INT_ClearAllInterrupts
                0x000079ac        0xa ../LUFA-111009/LUFA/Drivers/USB/Core/AVR8/USBInterrupt_AVR8.o
                0x000079ac                USB_INT_ClearAllInterrupts
 .text.__vector_10
                0x000079b6      0x162 ../LUFA-111009/LUFA/Drivers/USB/Core/AVR8/USBInterrupt_AVR8.o
                0x000079b6                __vector_10
 .text.Endpoint_Write_Control_Stream_LE
                0x00007b18       0xba ../LUFA-111009/LUFA/Drivers/USB/Core/AVR8/EndpointStream_AVR8.o
                0x00007b18                Endpoint_Write_Control_Stream_LE
 .text.Endpoint_Read_Control_Stream_LE
                0x00007bd2       0x8a ../LUFA-111009/LUFA/Drivers/USB/Core/AVR8/EndpointStream_AVR8.o
                0x00007bd2                Endpoint_Read_Control_Stream_LE
 .text.USB_Device_ProcessControlRequest
                0x00007c5c      0x22e ../LUFA-111009/LUFA/Drivers/USB/Core/DeviceStandardReq.o
                0x00007c5c                USB_Device_ProcessControlRequest
 .text.USB_Event_Stub
                0x00007e8a        0x2 ../LUFA-111009/LUFA/Drivers/USB/Core/Events.o
                0x00007e8a                EVENT_USB_Device_WakeUp
                0x00007e8a                USB_Event_Stub
                0x00007e8a                EVENT_USB_Device_Suspend
                0x00007e8a                EVENT_USB_Device_StartOfFrame
                0x00007e8a                EVENT_USB_Device_Disconnect
                0x00007e8a                EVENT_USB_Device_Reset
                0x00007e8a                EVENT_USB_Device_Connect
 .text.USB_USBTask
                0x00007e8c       0x22 ../LUFA-111009/LUFA/Drivers/USB/Core/USBTask.o
                0x00007e8c                USB_USBTask
 .text.avr-libc
                0x00007eae       0x10 c:/program files (x86)/atmel/avr tools/avr toolchain/bin/../lib/gcc/avr/4.7.2/../../../../avr/lib/avr5\libc.a(eerd_byte_atmega32u4.o)
                0x00007eae                __eerd_byte_m32u4
 .text.avr-libc
                0x00007ebe       0x1c c:/program files (x86)/atmel/avr tools/avr toolchain/bin/../lib/gcc/avr/4.7.2/../../../../avr/lib/avr5\libc.a(eewr_byte_atmega32u4.o)
                0x00007ebe                __eewr_byte_m32u4
                0x00007ec0                __eewr_r18_m32u4
                0x00007eda                . = ALIGN (0x2)
 *(.fini9)
 .fini9         0x00007eda        0x0 c:/program files (x86)/atmel/avr tools/avr toolchain/bin/../lib/gcc/avr/4.7.2/avr5\libgcc.a(_exit.o)
                0x00007eda                _exit
                0x00007eda                exit
 *(.fini9)
 *(.fini8)
 *(.fini8)
 *(.fini7)
 *(.fini7)
 *(.fini6)
 *(.fini6)
 *(.fini5)
 *(.fini5)
 *(.fini4)
 *(.fini4)
 *(.fini3)
 *(.fini3)
 *(.fini2)
 *(.fini2)
 *(.fini1)
 *(.fini1)
 *(.fini0)
 .fini0         0x00007eda        0x4 c:/program files (x86)/atmel/avr tools/avr toolchain/bin/../lib/gcc/avr/4.7.2/avr5\libgcc.a(_exit.o)
 *(.fini0)
                0x00007ede                _etext = .

.data           0x00800100       0x96 load address 0x00007ede
                0x00800100                PROVIDE (__data_start, .)
 *(.data)
 .data          0x00800100        0x0 c:/program files (x86)/atmel/avr tools/avr toolchain/bin/../lib/gcc/avr/4.7.2/../../../../avr/lib/avr5/crtm32u4.o
 .data          0x00800100        0xa Caterina.o
                0x00800100                bootKey
 .data          0x0080010a        0x0 Descriptors.o
 .data          0x0080010a        0x0 ../LUFA-111009/LUFA/Drivers/USB/Core/AVR8/Device_AVR8.o
 .data          0x0080010a        0x0 ../LUFA-111009/LUFA/Drivers/USB/Core/AVR8/Endpoint_AVR8.o
 .data          0x0080010a        0x0 ../LUFA-111009/LUFA/Drivers/USB/Core/AVR8/Host_AVR8.o
 .data          0x0080010a        0x0 ../LUFA-111009/LUFA/Drivers/USB/Core/AVR8/Pipe_AVR8.o
 .data          0x0080010a        0x0 ../LUFA-111009/LUFA/Drivers/USB/Core/AVR8/USBController_AVR8.o
 .data          0x0080010a        0x0 ../LUFA-111009/LUFA/Drivers/USB/Core/AVR8/USBInterrupt_AVR8.o
 .data          0x0080010a        0x0 ../LUFA-111009/LUFA/Drivers/USB/Core/AVR8/EndpointStream_AVR8.o
 .data          0x0080010a        0x0 ../LUFA-111009/LUFA/Drivers/USB/Core/AVR8/PipeStream_AVR8.o
 .data          0x0080010a        0x0 ../LUFA-111009/LUFA/Drivers/USB/Core/ConfigDescriptor.o
 .data          0x0080010a        0x0 ../LUFA-111009/LUFA/Drivers/USB/Core/DeviceStandardReq.o
 .data          0x0080010a        0x0 ../LUFA-111009/LUFA/Drivers/USB/Core/Events.o
 .data          0x0080010a        0x0 ../LUFA-111009/LUFA/Drivers/USB/Core/HostStandardReq.o
 .data          0x0080010a        0x0 ../LUFA-111009/LUFA/Drivers/USB/Core/USBTask.o
 .data          0x0080010a        0x0 ../LUFA-111009/LUFA/Drivers/USB/Class/Common/HIDParser.o
 .data          0x0080010a        0x0 c:/program files (x86)/atmel/avr tools/avr toolchain/bin/../lib/gcc/avr/4.7.2/avr5\libgcc.a(_exit.o)
 .data          0x0080010a        0x0 c:/program files (x86)/atmel/avr tools/avr toolchain/bin/../lib/gcc/avr/4.7.2/avr5\libgcc.a(_copy_data.o)
 .data          0x0080010a        0x0 c:/program files (x86)/atmel/avr tools/avr toolchain/bin/../lib/gcc/avr/4.7.2/avr5\libgcc.a(_clear_bss.o)
 .data          0x0080010a        0x0 c:/program files (x86)/atmel/avr tools/avr toolchain/bin/../lib/gcc/avr/4.7.2/../../../../avr/lib/avr5\libc.a(eerd_byte_atmega32u4.o)
 .data          0x0080010a        0x0 c:/program files (x86)/atmel/avr tools/avr toolchain/bin/../lib/gcc/avr/4.7.2/../../../../avr/lib/avr5\libc.a(eeupd_byte_atmega32u4.o)
 .data          0x0080010a        0x0 c:/program files (x86)/atmel/avr tools/avr toolchain/bin/../lib/gcc/avr/4.7.2/../../../../avr/lib/avr5\libc.a(eewr_byte_atmega32u4.o)
 *(.data*)
 *(.rodata)
 .rodata        0x0080010a       0x82 Descriptors.o
                0x0080010a                ManufNameString
                0x0080011c                ProductString
                0x00800138                LanguageString
                0x0080013c                ConfigurationDescriptor
                0x0080017a                DeviceDescriptor
 *(.rodata*)
 .rodata.str1.1
                0x0080018c        0x9 Caterina.o
 *(.gnu.linkonce.d*)
                0x00800196                . = ALIGN (0x2)
 *fill*         0x00800195        0x1 
                0x00800196                _edata = .
                0x00800196                PROVIDE (__data_end, .)

.bss            0x00800196       0x16
                0x00800196                PROVIDE (__bss_start, .)
 *(.bss)
 .bss           0x00800196        0xa Caterina.o
                0x00800196                Timeout
                0x00800198                RxLEDPulse
                0x0080019a                TxLEDPulse
 *(.bss*)
 *(COMMON)
 COMMON         0x008001a0        0x2 Caterina.o
                0x008001a0                LLEDPulse
 COMMON         0x008001a2        0x1 ../LUFA-111009/LUFA/Drivers/USB/Core/DeviceStandardReq.o
                0x008001a2                USB_Device_ConfigurationNumber
 COMMON         0x008001a3        0x9 ../LUFA-111009/LUFA/Drivers/USB/Core/USBTask.o
                0x008001a3                USB_IsInitialized
                0x008001a4                USB_ControlRequest
                0x008001ac                PROVIDE (__bss_end, .)
                0x00007ede                __data_load_start = LOADADDR (.data)
                0x00007f74                __data_load_end = (__data_load_start + SIZEOF (.data))

.noinit         0x008001ac        0x0
                0x008001ac                PROVIDE (__noinit_start, .)
 *(.noinit*)
                0x008001ac                PROVIDE (__noinit_end, .)
                0x008001ac                _end = .
                0x008001ac                PROVIDE (__heap_start, .)

.eeprom         0x00810000        0x0
 *(.eeprom*)
                0x00810000                __eeprom_end = .

.fuse
 *(.fuse)
 *(.lfuse)
 *(.hfuse)
 *(.efuse)

.lock
 *(.lock*)

.signature
 *(.signature*)

.user_signatures
 *(.user_signatures*)

.stab           0x00000000      0x954
 *(.stab)
 .stab          0x00000000      0x6cc c:/program files (x86)/atmel/avr tools/avr toolchain/bin/../lib/gcc/avr/4.7.2/../../../../avr/lib/avr5/crtm32u4.o
 .stab          0x000006cc       0x90 c:/program files (x86)/atmel/avr tools/avr toolchain/bin/../lib/gcc/avr/4.7.2/../../../../avr/lib/avr5\libc.a(eerd_byte_atmega32u4.o)
                                 0x9c (size before relaxing)
 .stab          0x0000075c      0x114 c:/program files (x86)/atmel/avr tools/avr toolchain/bin/../lib/gcc/avr/4.7.2/../../../../avr/lib/avr5\libc.a(eeupd_byte_atmega32u4.o)
                                0x120 (size before relaxing)
 .stab          0x00000870       0xe4 c:/program files (x86)/atmel/avr tools/avr toolchain/bin/../lib/gcc/avr/4.7.2/../../../../avr/lib/avr5\libc.a(eewr_byte_atmega32u4.o)
                                 0xf0 (size before relaxing)

.stabstr        0x00000000      0x1f7
 *(.stabstr)
 .stabstr       0x00000000      0x1f7 c:/program files (x86)/atmel/avr tools/avr toolchain/bin/../lib/gcc/avr/4.7.2/../../../../avr/lib/avr5/crtm32u4.o

.stab.excl
 *(.stab.excl)

.stab.exclstr
 *(.stab.exclstr)

.stab.index
 *(.stab.index)

.stab.indexstr
 *(.stab.indexstr)

.comment        0x00000000       0x2f
 *(.comment)
 .comment       0x00000000       0x2f Caterina.o
                                 0x30 (size before relaxing)
 .comment       0x00000000       0x30 Descriptors.o
 .comment       0x00000000       0x30 ../LUFA-111009/LUFA/Drivers/USB/Core/AVR8/Device_AVR8.o
 .comment       0x00000000       0x30 ../LUFA-111009/LUFA/Drivers/USB/Core/AVR8/Endpoint_AVR8.o
 .comment       0x00000000       0x30 ../LUFA-111009/LUFA/Drivers/USB/Core/AVR8/Host_AVR8.o
 .comment       0x00000000       0x30 ../LUFA-111009/LUFA/Drivers/USB/Core/AVR8/Pipe_AVR8.o
 .comment       0x00000000       0x30 ../LUFA-111009/LUFA/Drivers/USB/Core/AVR8/USBController_AVR8.o
 .comment       0x00000000       0x30 ../LUFA-111009/LUFA/Drivers/USB/Core/AVR8/USBInterrupt_AVR8.o
 .comment       0x00000000       0x30 ../LUFA-111009/LUFA/Drivers/USB/Core/AVR8/EndpointStream_AVR8.o
 .comment       0x00000000       0x30 ../LUFA-111009/LUFA/Drivers/USB/Core/AVR8/PipeStream_AVR8.o
 .comment       0x00000000       0x30 ../LUFA-111009/LUFA/Drivers/USB/Core/ConfigDescriptor.o
 .comment       0x00000000       0x30 ../LUFA-111009/LUFA/Drivers/USB/Core/DeviceStandardReq.o
 .comment       0x00000000       0x30 ../LUFA-111009/LUFA/Drivers/USB/Core/Events.o
 .comment       0x00000000       0x30 ../LUFA-111009/LUFA/Drivers/USB/Core/HostStandardReq.o
 .comment       0x00000000       0x30 ../LUFA-111009/LUFA/Drivers/USB/Core/USBTask.o
 .comment       0x00000000       0x30 ../LUFA-111009/LUFA/Drivers/USB/Class/Common/HIDParser.o

.debug
 *(.debug)

.line
 *(.line)

.debug_srcinfo
 *(.debug_srcinfo)

.debug_sfnames
 *(.debug_sfnames)

.debug_aranges  0x00000000      0x2e0
 *(.debug_aranges)
 .debug_aranges
                0x00000000       0x68 Caterina.o
 .debug_aranges
                0x00000068       0x20 Descriptors.o
 .debug_aranges
                0x00000088       0x20 ../LUFA-111009/LUFA/Drivers/USB/Core/AVR8/Device_AVR8.o
 .debug_aranges
                0x000000a8       0x38 ../LUFA-111009/LUFA/Drivers/USB/Core/AVR8/Endpoint_AVR8.o
 .debug_aranges
                0x000000e0       0x30 ../LUFA-111009/LUFA/Drivers/USB/Core/AVR8/USBController_AVR8.o
 .debug_aranges
                0x00000110       0x30 ../LUFA-111009/LUFA/Drivers/USB/Core/AVR8/USBInterrupt_AVR8.o
 .debug_aranges
                0x00000140       0xc8 ../LUFA-111009/LUFA/Drivers/USB/Core/AVR8/EndpointStream_AVR8.o
 .debug_aranges
                0x00000208       0x40 ../LUFA-111009/LUFA/Drivers/USB/Core/ConfigDescriptor.o
 .debug_aranges
                0x00000248       0x20 ../LUFA-111009/LUFA/Drivers/USB/Core/DeviceStandardReq.o
 .debug_aranges
                0x00000268       0x20 ../LUFA-111009/LUFA/Drivers/USB/Core/Events.o
 .debug_aranges
                0x00000288       0x20 ../LUFA-111009/LUFA/Drivers/USB/Core/USBTask.o
 .debug_aranges
                0x000002a8       0x38 ../LUFA-111009/LUFA/Drivers/USB/Class/Common/HIDParser.o

.debug_pubnames
 *(.debug_pubnames)

.debug_info     0x00000000     0x5078
 *(.debug_info)
 .debug_info    0x00000000      0xdb8 Caterina.o
 .debug_info    0x00000db8      0x657 Descriptors.o
 .debug_info    0x0000140f       0xd2 ../LUFA-111009/LUFA/Drivers/USB/Core/AVR8/Device_AVR8.o
 .debug_info    0x000014e1      0x3e0 ../LUFA-111009/LUFA/Drivers/USB/Core/AVR8/Endpoint_AVR8.o
 .debug_info    0x000018c1      0x488 ../LUFA-111009/LUFA/Drivers/USB/Core/AVR8/USBController_AVR8.o
 .debug_info    0x00001d49      0x5e1 ../LUFA-111009/LUFA/Drivers/USB/Core/AVR8/USBInterrupt_AVR8.o
 .debug_info    0x0000232a     0x179c ../LUFA-111009/LUFA/Drivers/USB/Core/AVR8/EndpointStream_AVR8.o
 .debug_info    0x00003ac6      0x3c9 ../LUFA-111009/LUFA/Drivers/USB/Core/ConfigDescriptor.o
 .debug_info    0x00003e8f      0x801 ../LUFA-111009/LUFA/Drivers/USB/Core/DeviceStandardReq.o
 .debug_info    0x00004690       0x78 ../LUFA-111009/LUFA/Drivers/USB/Core/Events.o
 .debug_info    0x00004708      0x238 ../LUFA-111009/LUFA/Drivers/USB/Core/USBTask.o
 .debug_info    0x00004940      0x738 ../LUFA-111009/LUFA/Drivers/USB/Class/Common/HIDParser.o
 *(.gnu.linkonce.wi.*)

.debug_abbrev   0x00000000     0x1444
 *(.debug_abbrev)
 .debug_abbrev  0x00000000      0x3d3 Caterina.o
 .debug_abbrev  0x000003d3      0x124 Descriptors.o
 .debug_abbrev  0x000004f7       0x80 ../LUFA-111009/LUFA/Drivers/USB/Core/AVR8/Device_AVR8.o
 .debug_abbrev  0x00000577      0x178 ../LUFA-111009/LUFA/Drivers/USB/Core/AVR8/Endpoint_AVR8.o
 .debug_abbrev  0x000006ef      0x1ba ../LUFA-111009/LUFA/Drivers/USB/Core/AVR8/USBController_AVR8.o
 .debug_abbrev  0x000008a9      0x1c3 ../LUFA-111009/LUFA/Drivers/USB/Core/AVR8/USBInterrupt_AVR8.o
 .debug_abbrev  0x00000a6c      0x213 ../LUFA-111009/LUFA/Drivers/USB/Core/AVR8/EndpointStream_AVR8.o
 .debug_abbrev  0x00000c7f      0x176 ../LUFA-111009/LUFA/Drivers/USB/Core/ConfigDescriptor.o
 .debug_abbrev  0x00000df5      0x282 ../LUFA-111009/LUFA/Drivers/USB/Core/DeviceStandardReq.o
 .debug_abbrev  0x00001077       0x44 ../LUFA-111009/LUFA/Drivers/USB/Core/Events.o
 .debug_abbrev  0x000010bb      0x15e ../LUFA-111009/LUFA/Drivers/USB/Core/USBTask.o
 .debug_abbrev  0x00001219      0x22b ../LUFA-111009/LUFA/Drivers/USB/Class/Common/HIDParser.o

.debug_line     0x00000000     0x27ea
 *(.debug_line)
 .debug_line    0x00000000      0x560 Caterina.o
 .debug_line    0x00000560      0x1be Descriptors.o
 .debug_line    0x0000071e      0x14b ../LUFA-111009/LUFA/Drivers/USB/Core/AVR8/Device_AVR8.o
 .debug_line    0x00000869      0x2f9 ../LUFA-111009/LUFA/Drivers/USB/Core/AVR8/Endpoint_AVR8.o
 .debug_line    0x00000b62        0x0 ../LUFA-111009/LUFA/Drivers/USB/Core/AVR8/Host_AVR8.o
 .debug_line    0x00000b62        0x0 ../LUFA-111009/LUFA/Drivers/USB/Core/AVR8/Pipe_AVR8.o
 .debug_line    0x00000b62      0x28d ../LUFA-111009/LUFA/Drivers/USB/Core/AVR8/USBController_AVR8.o
 .debug_line    0x00000def      0x3b3 ../LUFA-111009/LUFA/Drivers/USB/Core/AVR8/USBInterrupt_AVR8.o
 .debug_line    0x000011a2      0xce0 ../LUFA-111009/LUFA/Drivers/USB/Core/AVR8/EndpointStream_AVR8.o
 .debug_line    0x00001e82        0x0 ../LUFA-111009/LUFA/Drivers/USB/Core/AVR8/PipeStream_AVR8.o
 .debug_line    0x00001e82      0x1ab ../LUFA-111009/LUFA/Drivers/USB/Core/ConfigDescriptor.o
 .debug_line    0x0000202d      0x32e ../LUFA-111009/LUFA/Drivers/USB/Core/DeviceStandardReq.o
 .debug_line    0x0000235b       0x5a ../LUFA-111009/LUFA/Drivers/USB/Core/Events.o
 .debug_line    0x000023b5        0x0 ../LUFA-111009/LUFA/Drivers/USB/Core/HostStandardReq.o
 .debug_line    0x000023b5      0x199 ../LUFA-111009/LUFA/Drivers/USB/Core/USBTask.o
 .debug_line    0x0000254e      0x29c ../LUFA-111009/LUFA/Drivers/USB/Class/Common/HIDParser.o

.debug_frame    0x00000000      0xa6c
 *(.debug_frame)
 .debug_frame   0x00000000      0x140 Caterina.o
 .debug_frame   0x00000140       0x24 Descriptors.o
 .debug_frame   0x00000164       0x24 ../LUFA-111009/LUFA/Drivers/USB/Core/AVR8/Device_AVR8.o
 .debug_frame   0x00000188       0x54 ../LUFA-111009/LUFA/Drivers/USB/Core/AVR8/Endpoint_AVR8.o
 .debug_frame   0x000001dc       0x5c ../LUFA-111009/LUFA/Drivers/USB/Core/AVR8/USBController_AVR8.o
 .debug_frame   0x00000238       0x98 ../LUFA-111009/LUFA/Drivers/USB/Core/AVR8/USBInterrupt_AVR8.o
 .debug_frame   0x000002d0      0x4a4 ../LUFA-111009/LUFA/Drivers/USB/Core/AVR8/EndpointStream_AVR8.o
 .debug_frame   0x00000774      0x124 ../LUFA-111009/LUFA/Drivers/USB/Core/ConfigDescriptor.o
 .debug_frame   0x00000898       0x50 ../LUFA-111009/LUFA/Drivers/USB/Core/DeviceStandardReq.o
 .debug_frame   0x000008e8       0x24 ../LUFA-111009/LUFA/Drivers/USB/Core/Events.o
 .debug_frame   0x0000090c       0x2c ../LUFA-111009/LUFA/Drivers/USB/Core/USBTask.o
 .debug_frame   0x00000938      0x134 ../LUFA-111009/LUFA/Drivers/USB/Class/Common/HIDParser.o

.debug_str      0x00000000     0x2381
 *(.debug_str)
 .debug_str     0x00000000      0x770 Caterina.o
                                0x80f (size before relaxing)
 .debug_str     0x00000770      0x62a Descriptors.o
                                0x773 (size before relaxing)
 .debug_str     0x00000d9a       0x80 ../LUFA-111009/LUFA/Drivers/USB/Core/AVR8/Device_AVR8.o
                                0x156 (size before relaxing)
 .debug_str     0x00000e1a      0x240 ../LUFA-111009/LUFA/Drivers/USB/Core/AVR8/Endpoint_AVR8.o
                                0x4aa (size before relaxing)
 .debug_str     0x0000105a      0x23b ../LUFA-111009/LUFA/Drivers/USB/Core/AVR8/USBController_AVR8.o
                                0x46a (size before relaxing)
 .debug_str     0x00001295      0x137 ../LUFA-111009/LUFA/Drivers/USB/Core/AVR8/USBInterrupt_AVR8.o
                                0x460 (size before relaxing)
 .debug_str     0x000013cc      0x4a2 ../LUFA-111009/LUFA/Drivers/USB/Core/AVR8/EndpointStream_AVR8.o
                                0x7b5 (size before relaxing)
 .debug_str     0x0000186e      0x22f ../LUFA-111009/LUFA/Drivers/USB/Core/ConfigDescriptor.o
                                0x33d (size before relaxing)
 .debug_str     0x00001a9d      0x38d ../LUFA-111009/LUFA/Drivers/USB/Core/DeviceStandardReq.o
                                0x718 (size before relaxing)
 .debug_str     0x00001e2a       0x3d ../LUFA-111009/LUFA/Drivers/USB/Core/Events.o
                                 0xfc (size before relaxing)
 .debug_str     0x00001e67       0x67 ../LUFA-111009/LUFA/Drivers/USB/Core/USBTask.o
                                0x2b6 (size before relaxing)
 .debug_str     0x00001ece      0x4b3 ../LUFA-111009/LUFA/Drivers/USB/Class/Common/HIDParser.o
                                0x61a (size before relaxing)

.debug_loc      0x00000000     0x3ab6
 *(.debug_loc)
 .debug_loc     0x00000000      0x4f9 Caterina.o
 .debug_loc     0x000004f9      0x17f Descriptors.o
 .debug_loc     0x00000678      0x108 ../LUFA-111009/LUFA/Drivers/USB/Core/AVR8/Endpoint_AVR8.o
 .debug_loc     0x00000780       0x49 ../LUFA-111009/LUFA/Drivers/USB/Core/AVR8/USBController_AVR8.o
 .debug_loc     0x000007c9      0x1e3 ../LUFA-111009/LUFA/Drivers/USB/Core/AVR8/USBInterrupt_AVR8.o
 .debug_loc     0x000009ac     0x1f31 ../LUFA-111009/LUFA/Drivers/USB/Core/AVR8/EndpointStream_AVR8.o
 .debug_loc     0x000028dd      0x5bd ../LUFA-111009/LUFA/Drivers/USB/Core/ConfigDescriptor.o
 .debug_loc     0x00002e9a      0x232 ../LUFA-111009/LUFA/Drivers/USB/Core/DeviceStandardReq.o
 .debug_loc     0x000030cc       0x49 ../LUFA-111009/LUFA/Drivers/USB/Core/USBTask.o
 .debug_loc     0x00003115      0x9a1 ../LUFA-111009/LUFA/Drivers/USB/Class/Common/HIDParser.o

.debug_macinfo
 *(.debug_macinfo)

.debug_pubtypes
 *(.debug_pubtypes)

.debug_ranges   0x00000000      0x4e8
 *(.debug_ranges)
 .debug_ranges  0x00000000       0x58 Caterina.o
 .debug_ranges  0x00000058       0x10 Descriptors.o
 .debug_ranges  0x00000068       0x10 ../LUFA-111009/LUFA/Drivers/USB/Core/AVR8/Device_AVR8.o
 .debug_ranges  0x00000078       0x28 ../LUFA-111009/LUFA/Drivers/USB/Core/AVR8/Endpoint_AVR8.o
 .debug_ranges  0x000000a0       0x20 ../LUFA-111009/LUFA/Drivers/USB/Core/AVR8/USBController_AVR8.o
 .debug_ranges  0x000000c0       0x20 ../LUFA-111009/LUFA/Drivers/USB/Core/AVR8/USBInterrupt_AVR8.o
 .debug_ranges  0x000000e0      0x2c8 ../LUFA-111009/LUFA/Drivers/USB/Core/AVR8/EndpointStream_AVR8.o
 .debug_ranges  0x000003a8       0x30 ../LUFA-111009/LUFA/Drivers/USB/Core/ConfigDescriptor.o
 .debug_ranges  0x000003d8       0x28 ../LUFA-111009/LUFA/Drivers/USB/Core/DeviceStandardReq.o
 .debug_ranges  0x00000400       0x10 ../LUFA-111009/LUFA/Drivers/USB/Core/Events.o
 .debug_ranges  0x00000410       0x10 ../LUFA-111009/LUFA/Drivers/USB/Core/USBTask.o
 .debug_ranges  0x00000420       0xc8 ../LUFA-111009/LUFA/Drivers/USB/Class/Common/HIDParser.o

.debug_macro
 *(.debug_macro)
OUTPUT(Caterina.elf elf32-avr)
LOAD linker stubs

Cross Reference Table

Symbol                                            File
CALLBACK_HIDParser_FilterHIDReportItem            ../LUFA-111009/LUFA/Drivers/USB/Class/Common/HIDParser.o
CALLBACK_USB_GetDescriptor                        Descriptors.o
                                                  ../LUFA-111009/LUFA/Drivers/USB/Core/DeviceStandardReq.o
CDC_Task                                          Caterina.o
ConfigurationDescriptor                           Descriptors.o
DeviceDescriptor                                  Descriptors.o
EVENT_USB_Device_ConfigurationChanged             Caterina.o
                                                  ../LUFA-111009/LUFA/Drivers/USB/Core/DeviceStandardReq.o
EVENT_USB_Device_Connect                          ../LUFA-111009/LUFA/Drivers/USB/Core/Events.o
                                                  ../LUFA-111009/LUFA/Drivers/USB/Core/AVR8/USBInterrupt_AVR8.o
EVENT_USB_Device_ControlRequest                   Caterina.o
                                                  ../LUFA-111009/LUFA/Drivers/USB/Core/DeviceStandardReq.o
EVENT_USB_Device_Disconnect                       ../LUFA-111009/LUFA/Drivers/USB/Core/Events.o
                                                  ../LUFA-111009/LUFA/Drivers/USB/Core/AVR8/USBInterrupt_AVR8.o
EVENT_USB_Device_Reset                            ../LUFA-111009/LUFA/Drivers/USB/Core/Events.o
                                                  ../LUFA-111009/LUFA/Drivers/USB/Core/AVR8/USBInterrupt_AVR8.o
EVENT_USB_Device_StartOfFrame                     ../LUFA-111009/LUFA/Drivers/USB/Core/Events.o
EVENT_USB_Device_Suspend                          ../LUFA-111009/LUFA/Drivers/USB/Core/Events.o
                                                  ../LUFA-111009/LUFA/Drivers/USB/Core/AVR8/USBInterrupt_AVR8.o
EVENT_USB_Device_WakeUp                           ../LUFA-111009/LUFA/Drivers/USB/Core/Events.o
                                                  ../LUFA-111009/LUFA/Drivers/USB/Core/AVR8/USBInterrupt_AVR8.o
Endpoint_ClearEndpoints                           ../LUFA-111009/LUFA/Drivers/USB/Core/AVR8/Endpoint_AVR8.o
Endpoint_ClearStatusStage                         ../LUFA-111009/LUFA/Drivers/USB/Core/AVR8/Endpoint_AVR8.o
                                                  ../LUFA-111009/LUFA/Drivers/USB/Core/DeviceStandardReq.o
Endpoint_ConfigureEndpoint_Prv                    ../LUFA-111009/LUFA/Drivers/USB/Core/AVR8/Endpoint_AVR8.o
                                                  ../LUFA-111009/LUFA/Drivers/USB/Core/AVR8/USBInterrupt_AVR8.o
                                                  ../LUFA-111009/LUFA/Drivers/USB/Core/AVR8/USBController_AVR8.o
                                                  Caterina.o
Endpoint_Discard_Stream                           ../LUFA-111009/LUFA/Drivers/USB/Core/AVR8/EndpointStream_AVR8.o
Endpoint_Null_Stream                              ../LUFA-111009/LUFA/Drivers/USB/Core/AVR8/EndpointStream_AVR8.o
Endpoint_Read_Control_EStream_BE                  ../LUFA-111009/LUFA/Drivers/USB/Core/AVR8/EndpointStream_AVR8.o
Endpoint_Read_Control_EStream_LE                  ../LUFA-111009/LUFA/Drivers/USB/Core/AVR8/EndpointStream_AVR8.o
Endpoint_Read_Control_Stream_BE                   ../LUFA-111009/LUFA/Drivers/USB/Core/AVR8/EndpointStream_AVR8.o
Endpoint_Read_Control_Stream_LE                   ../LUFA-111009/LUFA/Drivers/USB/Core/AVR8/EndpointStream_AVR8.o
                                                  Caterina.o
Endpoint_Read_EStream_BE                          ../LUFA-111009/LUFA/Drivers/USB/Core/AVR8/EndpointStream_AVR8.o
Endpoint_Read_EStream_LE                          ../LUFA-111009/LUFA/Drivers/USB/Core/AVR8/EndpointStream_AVR8.o
Endpoint_Read_Stream_BE                           ../LUFA-111009/LUFA/Drivers/USB/Core/AVR8/EndpointStream_AVR8.o
Endpoint_Read_Stream_LE                           ../LUFA-111009/LUFA/Drivers/USB/Core/AVR8/EndpointStream_AVR8.o
Endpoint_WaitUntilReady                           ../LUFA-111009/LUFA/Drivers/USB/Core/AVR8/Endpoint_AVR8.o
                                                  ../LUFA-111009/LUFA/Drivers/USB/Core/AVR8/EndpointStream_AVR8.o
Endpoint_Write_Control_EStream_BE                 ../LUFA-111009/LUFA/Drivers/USB/Core/AVR8/EndpointStream_AVR8.o
Endpoint_Write_Control_EStream_LE                 ../LUFA-111009/LUFA/Drivers/USB/Core/AVR8/EndpointStream_AVR8.o
Endpoint_Write_Control_PStream_BE                 ../LUFA-111009/LUFA/Drivers/USB/Core/AVR8/EndpointStream_AVR8.o
Endpoint_Write_Control_PStream_LE                 ../LUFA-111009/LUFA/Drivers/USB/Core/AVR8/EndpointStream_AVR8.o
Endpoint_Write_Control_Stream_BE                  ../LUFA-111009/LUFA/Drivers/USB/Core/AVR8/EndpointStream_AVR8.o
Endpoint_Write_Control_Stream_LE                  ../LUFA-111009/LUFA/Drivers/USB/Core/AVR8/EndpointStream_AVR8.o
                                                  ../LUFA-111009/LUFA/Drivers/USB/Core/DeviceStandardReq.o
                                                  Caterina.o
Endpoint_Write_EStream_BE                         ../LUFA-111009/LUFA/Drivers/USB/Core/AVR8/EndpointStream_AVR8.o
Endpoint_Write_EStream_LE                         ../LUFA-111009/LUFA/Drivers/USB/Core/AVR8/EndpointStream_AVR8.o
Endpoint_Write_PStream_BE                         ../LUFA-111009/LUFA/Drivers/USB/Core/AVR8/EndpointStream_AVR8.o
Endpoint_Write_PStream_LE                         ../LUFA-111009/LUFA/Drivers/USB/Core/AVR8/EndpointStream_AVR8.o
Endpoint_Write_Stream_BE                          ../LUFA-111009/LUFA/Drivers/USB/Core/AVR8/EndpointStream_AVR8.o
Endpoint_Write_Stream_LE                          ../LUFA-111009/LUFA/Drivers/USB/Core/AVR8/EndpointStream_AVR8.o
LEDPulse                                          Caterina.o
LLEDPulse                                         Caterina.o
LanguageString                                    Descriptors.o
ManufNameString                                   Descriptors.o
ProductString                                     Descriptors.o
RxLEDPulse                                        Caterina.o
SetupHardware                                     Caterina.o
StartSketch                                       Caterina.o
Timeout                                           Caterina.o
TxLEDPulse                                        Caterina.o
USB_ControlRequest                                ../LUFA-111009/LUFA/Drivers/USB/Core/USBTask.o
                                                  ../LUFA-111009/LUFA/Drivers/USB/Core/DeviceStandardReq.o
                                                  ../LUFA-111009/LUFA/Drivers/USB/Core/AVR8/EndpointStream_AVR8.o
                                                  ../LUFA-111009/LUFA/Drivers/USB/Core/AVR8/Endpoint_AVR8.o
                                                  Caterina.o
USB_Device_ConfigurationNumber                    ../LUFA-111009/LUFA/Drivers/USB/Core/DeviceStandardReq.o
                                                  ../LUFA-111009/LUFA/Drivers/USB/Core/AVR8/USBInterrupt_AVR8.o
                                                  ../LUFA-111009/LUFA/Drivers/USB/Core/AVR8/USBController_AVR8.o
USB_Device_ProcessControlRequest                  ../LUFA-111009/LUFA/Drivers/USB/Core/DeviceStandardReq.o
                                                  ../LUFA-111009/LUFA/Drivers/USB/Core/USBTask.o
USB_Device_SendRemoteWakeup                       ../LUFA-111009/LUFA/Drivers/USB/Core/AVR8/Device_AVR8.o
USB_Disable                                       ../LUFA-111009/LUFA/Drivers/USB/Core/AVR8/USBController_AVR8.o
USB_Event_Stub                                    ../LUFA-111009/LUFA/Drivers/USB/Core/Events.o
USB_GetHIDReportItemInfo                          ../LUFA-111009/LUFA/Drivers/USB/Class/Common/HIDParser.o
USB_GetHIDReportSize                              ../LUFA-111009/LUFA/Drivers/USB/Class/Common/HIDParser.o
USB_GetNextDescriptorComp                         ../LUFA-111009/LUFA/Drivers/USB/Core/ConfigDescriptor.o
USB_GetNextDescriptorOfType                       ../LUFA-111009/LUFA/Drivers/USB/Core/ConfigDescriptor.o
USB_GetNextDescriptorOfTypeAfter                  ../LUFA-111009/LUFA/Drivers/USB/Core/ConfigDescriptor.o
USB_GetNextDescriptorOfTypeBefore                 ../LUFA-111009/LUFA/Drivers/USB/Core/ConfigDescriptor.o
USB_INT_ClearAllInterrupts                        ../LUFA-111009/LUFA/Drivers/USB/Core/AVR8/USBInterrupt_AVR8.o
                                                  ../LUFA-111009/LUFA/Drivers/USB/Core/AVR8/USBController_AVR8.o
USB_INT_DisableAllInterrupts                      ../LUFA-111009/LUFA/Drivers/USB/Core/AVR8/USBInterrupt_AVR8.o
                                                  ../LUFA-111009/LUFA/Drivers/USB/Core/AVR8/USBController_AVR8.o
USB_Init                                          ../LUFA-111009/LUFA/Drivers/USB/Core/AVR8/USBController_AVR8.o
                                                  Caterina.o
USB_IsInitialized                                 ../LUFA-111009/LUFA/Drivers/USB/Core/USBTask.o
                                                  ../LUFA-111009/LUFA/Drivers/USB/Core/AVR8/USBController_AVR8.o
USB_ProcessHIDReport                              ../LUFA-111009/LUFA/Drivers/USB/Class/Common/HIDParser.o
USB_ResetInterface                                ../LUFA-111009/LUFA/Drivers/USB/Core/AVR8/USBController_AVR8.o
USB_SetHIDReportItemInfo                          ../LUFA-111009/LUFA/Drivers/USB/Class/Common/HIDParser.o
USB_USBTask                                       ../LUFA-111009/LUFA/Drivers/USB/Core/USBTask.o
                                                  ../LUFA-111009/LUFA/Drivers/USB/Core/AVR8/EndpointStream_AVR8.o
                                                  Caterina.o
__bad_interrupt                                   c:/program files (x86)/atmel/avr tools/avr toolchain/bin/../lib/gcc/avr/4.7.2/../../../../avr/lib/avr5/crtm32u4.o
__bss_end                                         c:/program files (x86)/atmel/avr tools/avr toolchain/bin/../lib/gcc/avr/4.7.2/avr5\libgcc.a(_clear_bss.o)
__bss_start                                       c:/program files (x86)/atmel/avr tools/avr toolchain/bin/../lib/gcc/avr/4.7.2/avr5\libgcc.a(_clear_bss.o)
__data_end                                        c:/program files (x86)/atmel/avr tools/avr toolchain/bin/../lib/gcc/avr/4.7.2/avr5\libgcc.a(_copy_data.o)
__data_load_start                                 c:/program files (x86)/atmel/avr tools/avr toolchain/bin/../lib/gcc/avr/4.7.2/avr5\libgcc.a(_copy_data.o)
__data_start                                      c:/program files (x86)/atmel/avr tools/avr toolchain/bin/../lib/gcc/avr/4.7.2/avr5\libgcc.a(_copy_data.o)
__do_clear_bss                                    c:/program files (x86)/atmel/avr tools/avr toolchain/bin/../lib/gcc/avr/4.7.2/avr5\libgcc.a(_clear_bss.o)
                                                  ../LUFA-111009/LUFA/Drivers/USB/Core/USBTask.o
                                                  ../LUFA-111009/LUFA/Drivers/USB/Core/DeviceStandardReq.o
                                                  Caterina.o
__do_copy_data                                    c:/program files (x86)/atmel/avr tools/avr toolchain/bin/../lib/gcc/avr/4.7.2/avr5\libgcc.a(_copy_data.o)
                                                  Descriptors.o
                                                  Caterina.o
__eerd_byte_m32u4                                 c:/program files (x86)/atmel/avr tools/avr toolchain/bin/../lib/gcc/avr/4.7.2/../../../../avr/lib/avr5\libc.a(eerd_byte_atmega32u4.o)
                                                  ../LUFA-111009/LUFA/Drivers/USB/Core/AVR8/EndpointStream_AVR8.o
                                                  Caterina.o
__eeupd_byte_m32u4                                c:/program files (x86)/atmel/avr tools/avr toolchain/bin/../lib/gcc/avr/4.7.2/../../../../avr/lib/avr5\libc.a(eeupd_byte_atmega32u4.o)
                                                  ../LUFA-111009/LUFA/Drivers/USB/Core/AVR8/EndpointStream_AVR8.o
__eeupd_r18_m32u4                                 c:/program files (x86)/atmel/avr tools/avr toolchain/bin/../lib/gcc/avr/4.7.2/../../../../avr/lib/avr5\libc.a(eeupd_byte_atmega32u4.o)
__eewr_byte_m32u4                                 c:/program files (x86)/atmel/avr tools/avr toolchain/bin/../lib/gcc/avr/4.7.2/../../../../avr/lib/avr5\libc.a(eewr_byte_atmega32u4.o)
                                                  Caterina.o
__eewr_r18_m32u4                                  c:/program files (x86)/atmel/avr tools/avr toolchain/bin/../lib/gcc/avr/4.7.2/../../../../avr/lib/avr5\libc.a(eewr_byte_atmega32u4.o)
__heap_end                                        c:/program files (x86)/atmel/avr tools/avr toolchain/bin/../lib/gcc/avr/4.7.2/../../../../avr/lib/avr5/crtm32u4.o
__init                                            c:/program files (x86)/atmel/avr tools/avr toolchain/bin/../lib/gcc/avr/4.7.2/../../../../avr/lib/avr5/crtm32u4.o
__stack                                           c:/program files (x86)/atmel/avr tools/avr toolchain/bin/../lib/gcc/avr/4.7.2/../../../../avr/lib/avr5/crtm32u4.o
__vector_1                                        c:/program files (x86)/atmel/avr tools/avr toolchain/bin/../lib/gcc/avr/4.7.2/../../../../avr/lib/avr5/crtm32u4.o
__vector_10                                       ../LUFA-111009/LUFA/Drivers/USB/Core/AVR8/USBInterrupt_AVR8.o
                                                  c:/program files (x86)/atmel/avr tools/avr toolchain/bin/../lib/gcc/avr/4.7.2/../../../../avr/lib/avr5/crtm32u4.o
__vector_11                                       c:/program files (x86)/atmel/avr tools/avr toolchain/bin/../lib/gcc/avr/4.7.2/../../../../avr/lib/avr5/crtm32u4.o
__vector_12                                       c:/program files (x86)/atmel/avr tools/avr toolchain/bin/../lib/gcc/avr/4.7.2/../../../../avr/lib/avr5/crtm32u4.o
__vector_13                                       c:/program files (x86)/atmel/avr tools/avr toolchain/bin/../lib/gcc/avr/4.7.2/../../../../avr/lib/avr5/crtm32u4.o
__vector_14                                       c:/program files (x86)/atmel/avr tools/avr toolchain/bin/../lib/gcc/avr/4.7.2/../../../../avr/lib/avr5/crtm32u4.o
__vector_15                                       c:/program files (x86)/atmel/avr tools/avr toolchain/bin/../lib/gcc/avr/4.7.2/../../../../avr/lib/avr5/crtm32u4.o
__vector_16                                       c:/program files (x86)/atmel/avr tools/avr toolchain/bin/../lib/gcc/avr/4.7.2/../../../../avr/lib/avr5/crtm32u4.o
__vector_17                                       Caterina.o
                                                  c:/program files (x86)/atmel/avr tools/avr toolchain/bin/../lib/gcc/avr/4.7.2/../../../../avr/lib/avr5/crtm32u4.o
__vector_18                                       c:/program files (x86)/atmel/avr tools/avr toolchain/bin/../lib/gcc/avr/4.7.2/../../../../avr/lib/avr5/crtm32u4.o
__vector_19                                       c:/program files (x86)/atmel/avr tools/avr toolchain/bin/../lib/gcc/avr/4.7.2/../../../../avr/lib/avr5/crtm32u4.o
__vector_2                                        c:/program files (x86)/atmel/avr tools/avr toolchain/bin/../lib/gcc/avr/4.7.2/../../../../avr/lib/avr5/crtm32u4.o
__vector_20                                       c:/program files (x86)/atmel/avr tools/avr toolchain/bin/../lib/gcc/avr/4.7.2/../../../../avr/lib/avr5/crtm32u4.o
__vector_21                                       c:/program files (x86)/atmel/avr tools/avr toolchain/bin/../lib/gcc/avr/4.7.2/../../../../avr/lib/avr5/crtm32u4.o
__vector_22                                       c:/program files (x86)/atmel/avr tools/avr toolchain/bin/../lib/gcc/avr/4.7.2/../../../../avr/lib/avr5/crtm32u4.o
__vector_23                                       c:/program files (x86)/atmel/avr tools/avr toolchain/bin/../lib/gcc/avr/4.7.2/../../../../avr/lib/avr5/crtm32u4.o
__vector_24                                       c:/program files (x86)/atmel/avr tools/avr toolchain/bin/../lib/gcc/avr/4.7.2/../../../../avr/lib/avr5/crtm32u4.o
__vector_25                                       c:/program files (x86)/atmel/avr tools/avr toolchain/bin/../lib/gcc/avr/4.7.2/../../../../avr/lib/avr5/crtm32u4.o
__vector_26                                       c:/program files (x86)/atmel/avr tools/avr toolchain/bin/../lib/gcc/avr/4.7.2/../../../../avr/lib/avr5/crtm32u4.o
__vector_27                                       c:/program files (x86)/atmel/avr tools/avr toolchain/bin/../lib/gcc/avr/4.7.2/../../../../avr/lib/avr5/crtm32u4.o
__vector_28                                       c:/program files (x86)/atmel/avr tools/avr toolchain/bin/../lib/gcc/avr/4.7.2/../../../../avr/lib/avr5/crtm32u4.o
__vector_29                                       c:/program files (x86)/atmel/avr tools/avr toolchain/bin/../lib/gcc/avr/4.7.2/../../../../avr/lib/avr5/crtm32u4.o
__vector_3                                        c:/program files (x86)/atmel/avr tools/avr toolchain/bin/../lib/gcc/avr/4.7.2/../../../../avr/lib/avr5/crtm32u4.o
__vector_30                                       c:/program files (x86)/atmel/avr tools/avr toolchain/bin/../lib/gcc/avr/4.7.2/../../../../avr/lib/avr5/crtm32u4.o
__vector_31                                       c:/program files (x86)/atmel/avr tools/avr toolchain/bin/../lib/gcc/avr/4.7.2/../../../../avr/lib/avr5/crtm32u4.o
__vector_32                                       c:/program files (x86)/atmel/avr tools/avr toolchain/bin/../lib/gcc/avr/4.7.2/../../../../avr/lib/avr5/crtm32u4.o
__vector_33                                       c:/program files (x86)/atmel/avr tools/avr toolchain/bin/../lib/gcc/avr/4.7.2/../../../../avr/lib/avr5/crtm32u4.o
__vector_34                                       c:/program files (x86)/atmel/avr tools/avr toolchain/bin/../lib/gcc/avr/4.7.2/../../../../avr/lib/avr5/crtm32u4.o
__vector_35                                       c:/program files (x86)/atmel/avr tools/avr toolchain/bin/../lib/gcc/avr/4.7.2/../../../../avr/lib/avr5/crtm32u4.o
__vector_36                                       c:/program files (x86)/atmel/avr tools/avr toolchain/bin/../lib/gcc/avr/4.7.2/../../../../avr/lib/avr5/crtm32u4.o
__vector_37                                       c:/program files (x86)/atmel/avr tools/avr toolchain/bin/../lib/gcc/avr/4.7.2/../../../../avr/lib/avr5/crtm32u4.o
__vector_38                                       c:/program files (x86)/atmel/avr tools/avr toolchain/bin/../lib/gcc/avr/4.7.2/../../../../avr/lib/avr5/crtm32u4.o
__vector_39                                       c:/program files (x86)/atmel/avr tools/avr toolchain/bin/../lib/gcc/avr/4.7.2/../../../../avr/lib/avr5/crtm32u4.o
__vector_4                                        c:/program files (x86)/atmel/avr tools/avr toolchain/bin/../lib/gcc/avr/4.7.2/../../../../avr/lib/avr5/crtm32u4.o
__vector_40                                       c:/program files (x86)/atmel/avr tools/avr toolchain/bin/../lib/gcc/avr/4.7.2/../../../../avr/lib/avr5/crtm32u4.o
__vector_41                                       c:/program files (x86)/atmel/avr tools/avr toolchain/bin/../lib/gcc/avr/4.7.2/../../../../avr/lib/avr5/crtm32u4.o
__vector_42                                       c:/program files (x86)/atmel/avr tools/avr toolchain/bin/../lib/gcc/avr/4.7.2/../../../../avr/lib/avr5/crtm32u4.o
__vector_5                                        c:/program files (x86)/atmel/avr tools/avr toolchain/bin/../lib/gcc/avr/4.7.2/../../../../avr/lib/avr5/crtm32u4.o
__vector_6                                        c:/program files (x86)/atmel/avr tools/avr toolchain/bin/../lib/gcc/avr/4.7.2/../../../../avr/lib/avr5/crtm32u4.o
__vector_7                                        c:/program files (x86)/atmel/avr tools/avr toolchain/bin/../lib/gcc/avr/4.7.2/../../../../avr/lib/avr5/crtm32u4.o
__vector_8                                        c:/program files (x86)/atmel/avr tools/avr toolchain/bin/../lib/gcc/avr/4.7.2/../../../../avr/lib/avr5/crtm32u4.o
__vector_9                                        c:/program files (x86)/atmel/avr tools/avr toolchain/bin/../lib/gcc/avr/4.7.2/../../../../avr/lib/avr5/crtm32u4.o
__vector_default                                  c:/program files (x86)/atmel/avr tools/avr toolchain/bin/../lib/gcc/avr/4.7.2/../../../../avr/lib/avr5/crtm32u4.o
__vectors                                         c:/program files (x86)/atmel/avr tools/avr toolchain/bin/../lib/gcc/avr/4.7.2/../../../../avr/lib/avr5/crtm32u4.o
_exit                                             c:/program files (x86)/atmel/avr tools/avr toolchain/bin/../lib/gcc/avr/4.7.2/avr5\libgcc.a(_exit.o)
bootKey                                           Caterina.o
bootKeyPtr                                        Caterina.o
exit                                              c:/program files (x86)/atmel/avr tools/avr toolchain/bin/../lib/gcc/avr/4.7.2/avr5\libgcc.a(_exit.o)
                                                  c:/program files (x86)/atmel/avr tools/avr toolchain/bin/../lib/gcc/avr/4.7.2/../../../../avr/lib/avr5/crtm32u4.o
main                                              Caterina.o
                                                  c:/program files (x86)/atmel/avr tools/avr toolchain/bin/../lib/gcc/avr/4.7.2/../../../../avr/lib/avr5/crtm32u4.o
